srun: error: hpc-rc02: task 0: Exited with exit code 1
srun: error: hpc-rc02: task 0: Exited with exit code 1
srun: error: hpc-rc03: task 0: Exited with exit code 1
srun: error: hpc-rc03: task 0: Exited with exit code 1
srun: error: hpc-rc05: task 0: Exited with exit code 1
srun: error: hpc-rc04: task 0: Exited with exit code 1
srun: error: hpc-rc04: task 0: Exited with exit code 1
srun: error: hpc-rc06: task 0: Exited with exit code 1
srun: error: hpc-rc07: task 0: Exited with exit code 1
srun: error: hpc-rc07: task 0: Exited with exit code 1
srun: Job step creation temporarily disabled, retrying
srun: Job step creation temporarily disabled, retrying
srun: Job step creation temporarily disabled, retrying
srun: Job step creation temporarily disabled, retrying
srun: Job step creation temporarily disabled, retrying
srun: Job step creation temporarily disabled, retrying
srun: Job step creation temporarily disabled, retrying
srun: Job step creation temporarily disabled, retrying
srun: Job step creation temporarily disabled, retrying
srun: Job step creation temporarily disabled, retrying
srun: Job step creation temporarily disabled, retrying
srun: Job step creation temporarily disabled, retrying
srun: Job step creation temporarily disabled, retrying
srun: Job step creation temporarily disabled, retrying
srun: Job step creation temporarily disabled, retrying
srun: Job step creation temporarily disabled, retrying
srun: Job step creation temporarily disabled, retrying
srun: Job step creation temporarily disabled, retrying
srun: Job step creation temporarily disabled, retrying
srun: Job step creation temporarily disabled, retrying
srun: Job step creation temporarily disabled, retrying
srun: Job step creation temporarily disabled, retrying
srun: Job step creation temporarily disabled, retrying
srun: Job step creation temporarily disabled, retrying
srun: Job step creation temporarily disabled, retrying
srun: Job step creation temporarily disabled, retrying
srun: Job step creation temporarily disabled, retrying
srun: Job step creation temporarily disabled, retrying
srun: error: hpc-rc06: task 0: Exited with exit code 1
srun: error: hpc-rc04: task 0: Exited with exit code 1
srun: error: hpc-rc05: task 0: Exited with exit code 1
srun: error: hpc-rc04: task 0: Exited with exit code 1
srun: error: hpc-rc02: task 0: Exited with exit code 1
srun: error: hpc-rc07: task 0: Exited with exit code 1
srun: error: hpc-rc07: task 0: Exited with exit code 1
srun: Job step created
srun: Job step created
srun: Job step created
srun: Job step created
srun: Job step creation temporarily disabled, retrying
srun: Job step creation temporarily disabled, retrying
srun: Job step creation temporarily disabled, retrying
srun: Job step creation temporarily disabled, retrying
srun: Job step creation temporarily disabled, retrying
srun: Job step creation temporarily disabled, retrying
srun: Job step creation temporarily disabled, retrying
srun: Job step creation temporarily disabled, retrying
srun: Job step creation temporarily disabled, retrying
srun: Job step creation temporarily disabled, retrying
srun: Job step creation temporarily disabled, retrying
srun: Job step creation temporarily disabled, retrying
srun: Job step creation temporarily disabled, retrying
srun: Job step creation temporarily disabled, retrying
srun: Job step creation temporarily disabled, retrying
srun: Job step creation temporarily disabled, retrying
srun: Job step creation temporarily disabled, retrying
srun: Job step creation temporarily disabled, retrying
srun: Job step creation temporarily disabled, retrying
srun: Job step creation temporarily disabled, retrying
srun: Job step creation temporarily disabled, retrying
srun: Job step creation temporarily disabled, retrying
srun: Job step creation temporarily disabled, retrying
srun: Job step creation temporarily disabled, retrying
srun: Job step creation temporarily disabled, retrying
srun: Job step creation temporarily disabled, retrying
srun: Job step creation temporarily disabled, retrying
srun: Job step creation temporarily disabled, retrying
srun: Job step creation temporarily disabled, retrying
srun: Job step creation temporarily disabled, retrying
srun: Job step creation temporarily disabled, retrying
srun: Job step creation temporarily disabled, retrying
srun: error: hpc-rc07: task 0: Exited with exit code 1
srun: error: hpc-rc07: task 0: Exited with exit code 1
srun: Job step created
srun: Job step created
srun: error: hpc-rc07: task 0: Exited with exit code 1
srun: error: hpc-rc07: task 0: Exited with exit code 1
srun: Job step creation temporarily disabled, retrying
srun: Job step creation temporarily disabled, retrying
srun: Job step creation temporarily disabled, retrying
srun: Job step creation temporarily disabled, retrying
srun: Job step creation temporarily disabled, retrying
srun: Job step creation temporarily disabled, retrying
srun: Job step creation temporarily disabled, retrying
srun: Job step creation temporarily disabled, retrying
srun: Job step creation temporarily disabled, retrying
srun: Job step creation temporarily disabled, retrying
srun: Job step creation temporarily disabled, retrying
srun: Job step creation temporarily disabled, retrying
srun: Job step creation temporarily disabled, retrying
srun: Job step creation temporarily disabled, retrying
srun: Job step creation temporarily disabled, retrying
srun: Job step creation temporarily disabled, retrying
srun: Job step creation temporarily disabled, retrying
srun: Job step creation temporarily disabled, retrying
srun: error: hpc-rc07: task 0: Exited with exit code 1
srun: Job step creation temporarily disabled, retrying
srun: Job step creation temporarily disabled, retrying
srun: Job step creation temporarily disabled, retrying
srun: Job step creation temporarily disabled, retrying
srun: Job step creation temporarily disabled, retrying
srun: Job step creation temporarily disabled, retrying
srun: Job step creation temporarily disabled, retrying
srun: Job step creation temporarily disabled, retrying
srun: Job step creation temporarily disabled, retrying
srun: Job step creation temporarily disabled, retrying
srun: Job step creation temporarily disabled, retrying
srun: Job step creation temporarily disabled, retrying
srun: Job step creation temporarily disabled, retrying
srun: Job step creation temporarily disabled, retrying
srun: Job step creation temporarily disabled, retrying
srun: Job step creation temporarily disabled, retrying
srun: Job step creation temporarily disabled, retrying
srun: Job step creation temporarily disabled, retrying
srun: Job step creation temporarily disabled, retrying
srun: Job step creation temporarily disabled, retrying
srun: Job step creation temporarily disabled, retrying
srun: Job step creation temporarily disabled, retrying
srun: Job step creation temporarily disabled, retrying
srun: Job step creation temporarily disabled, retrying
srun: Job step creation temporarily disabled, retrying
srun: Job step creation temporarily disabled, retrying
srun: Job step creation temporarily disabled, retrying
srun: Job step creation temporarily disabled, retrying
srun: Job step creation temporarily disabled, retrying
srun: Job step creation temporarily disabled, retrying
srun: Job step creation temporarily disabled, retrying
srun: Job step creation temporarily disabled, retrying
srun: Job step creation temporarily disabled, retrying
srun: Job step creation temporarily disabled, retrying
srun: Job step creation temporarily disabled, retrying
srun: Job step creation temporarily disabled, retrying
srun: Job step creation temporarily disabled, retrying
srun: Job step creation temporarily disabled, retrying
srun: Job step creation temporarily disabled, retrying
srun: Job step creation temporarily disabled, retrying
srun: Job step creation temporarily disabled, retrying
srun: Job step creation temporarily disabled, retrying
srun: Job step creation temporarily disabled, retrying
srun: Job step creation temporarily disabled, retrying
srun: Job step creation temporarily disabled, retrying
srun: Job step creation temporarily disabled, retrying
srun: Job step creation temporarily disabled, retrying
srun: Job step creation temporarily disabled, retrying
srun: Job step creation temporarily disabled, retrying
srun: Job step creation temporarily disabled, retrying
srun: Job step creation temporarily disabled, retrying
srun: Job step creation temporarily disabled, retrying
srun: Job step creation temporarily disabled, retrying
srun: Job step creation temporarily disabled, retrying
srun: Job step creation temporarily disabled, retrying
srun: Job step creation temporarily disabled, retrying
srun: Job step creation temporarily disabled, retrying
srun: Job step creation temporarily disabled, retrying
srun: Job step creation temporarily disabled, retrying
srun: Job step creation temporarily disabled, retrying
srun: Job step creation temporarily disabled, retrying
srun: Job step creation temporarily disabled, retrying
srun: Job step creation temporarily disabled, retrying
srun: Job step creation temporarily disabled, retrying
srun: Job step creation temporarily disabled, retrying
srun: Job step creation temporarily disabled, retrying
srun: Job step creation temporarily disabled, retrying
srun: Job step creation temporarily disabled, retrying
srun: Job step creation temporarily disabled, retrying
srun: Job step creation temporarily disabled, retrying
srun: Job step creation temporarily disabled, retrying
srun: Job step creation temporarily disabled, retrying
srun: Job step creation temporarily disabled, retrying
srun: Job step creation temporarily disabled, retrying
srun: Job step creation temporarily disabled, retrying
srun: Job step creation temporarily disabled, retrying
srun: Job step creation temporarily disabled, retrying
srun: Job step creation temporarily disabled, retrying
srun: Job step creation temporarily disabled, retrying
srun: Job step creation temporarily disabled, retrying
srun: Job step creation temporarily disabled, retrying
srun: Job step creation temporarily disabled, retrying
srun: Job step creation temporarily disabled, retrying
srun: Job step creation temporarily disabled, retrying
srun: Job step creation temporarily disabled, retrying
srun: Job step creation temporarily disabled, retrying
srun: Job step creation temporarily disabled, retrying
srun: Job step creation temporarily disabled, retrying
srun: Job step creation temporarily disabled, retrying
srun: Job step creation temporarily disabled, retrying
srun: Job step creation temporarily disabled, retrying
srun: Job step creation temporarily disabled, retrying
srun: Job step creation temporarily disabled, retrying
srun: Job step creation temporarily disabled, retrying
srun: Job step creation temporarily disabled, retrying
srun: Job step creation temporarily disabled, retrying
srun: Job step creation temporarily disabled, retrying
srun: Job step creation temporarily disabled, retrying
srun: Job step creation temporarily disabled, retrying
srun: Job step creation temporarily disabled, retrying
srun: Job step creation temporarily disabled, retrying
srun: Job step creation temporarily disabled, retrying
srun: Job step creation temporarily disabled, retrying
srun: Job step creation temporarily disabled, retrying
srun: Job step creation temporarily disabled, retrying
srun: Job step creation temporarily disabled, retrying
srun: Job step creation temporarily disabled, retrying
srun: Job step creation temporarily disabled, retrying
srun: Job step creation temporarily disabled, retrying
srun: Job step creation temporarily disabled, retrying
srun: Job step creation temporarily disabled, retrying
srun: Job step creation temporarily disabled, retrying
srun: Job step creation temporarily disabled, retrying
srun: Job step creation temporarily disabled, retrying
srun: Job step creation temporarily disabled, retrying
srun: Job step creation temporarily disabled, retrying
srun: Job step creation temporarily disabled, retrying
srun: Job step creation temporarily disabled, retrying
srun: Job step creation temporarily disabled, retrying
srun: Job step creation temporarily disabled, retrying
srun: Job step creation temporarily disabled, retrying
srun: Job step creation temporarily disabled, retrying
srun: Job step creation temporarily disabled, retrying
srun: Job step creation temporarily disabled, retrying
srun: Job step creation temporarily disabled, retrying
srun: Job step creation temporarily disabled, retrying
srun: Job step creation temporarily disabled, retrying
srun: Job step creation temporarily disabled, retrying
srun: Job step creation temporarily disabled, retrying
srun: Job step creation temporarily disabled, retrying
srun: Job step creation temporarily disabled, retrying
srun: Job step creation temporarily disabled, retrying
srun: Job step creation temporarily disabled, retrying
srun: Job step creation temporarily disabled, retrying
srun: Job step creation temporarily disabled, retrying
srun: Job step creation temporarily disabled, retrying
srun: Job step creation temporarily disabled, retrying
srun: Job step creation temporarily disabled, retrying
srun: Job step creation temporarily disabled, retrying
srun: Job step creation temporarily disabled, retrying
srun: Job step creation temporarily disabled, retrying
srun: Job step creation temporarily disabled, retrying
srun: Job step creation temporarily disabled, retrying
srun: Job step creation temporarily disabled, retrying
srun: Job step creation temporarily disabled, retrying
srun: Job step creation temporarily disabled, retrying
srun: Job step creation temporarily disabled, retrying
srun: Job step creation temporarily disabled, retrying
srun: Job step creation temporarily disabled, retrying
srun: Job step creation temporarily disabled, retrying
srun: Job step creation temporarily disabled, retrying
srun: Job step creation temporarily disabled, retrying
srun: Job step creation temporarily disabled, retrying
srun: Job step creation temporarily disabled, retrying
srun: Job step creation temporarily disabled, retrying
srun: Job step creation temporarily disabled, retrying
srun: Job step creation temporarily disabled, retrying
srun: Job step creation temporarily disabled, retrying
srun: Job step creation temporarily disabled, retrying
srun: Job step creation temporarily disabled, retrying
srun: Job step creation temporarily disabled, retrying
srun: Job step creation temporarily disabled, retrying
srun: Job step creation temporarily disabled, retrying
srun: Job step creation temporarily disabled, retrying
srun: Job step creation temporarily disabled, retrying
srun: Job step creation temporarily disabled, retrying
srun: Job step creation temporarily disabled, retrying
srun: Job step creation temporarily disabled, retrying
srun: Job step creation temporarily disabled, retrying
srun: Job step creation temporarily disabled, retrying
srun: Job step creation temporarily disabled, retrying
srun: Job step creation temporarily disabled, retrying
srun: Job step creation temporarily disabled, retrying
srun: Job step creation temporarily disabled, retrying
srun: Job step creation temporarily disabled, retrying
srun: Job step creation temporarily disabled, retrying
srun: Job step creation temporarily disabled, retrying
srun: Job step creation temporarily disabled, retrying
srun: Job step creation temporarily disabled, retrying
srun: Job step creation temporarily disabled, retrying
srun: Job step creation temporarily disabled, retrying
srun: Job step creation temporarily disabled, retrying
srun: Job step creation temporarily disabled, retrying
srun: Job step creation temporarily disabled, retrying
srun: Job step creation temporarily disabled, retrying
srun: Job step creation temporarily disabled, retrying
srun: Job step creation temporarily disabled, retrying
srun: Job step creation temporarily disabled, retrying
srun: Job step creation temporarily disabled, retrying
srun: Job step creation temporarily disabled, retrying
srun: Job step creation temporarily disabled, retrying
srun: Job step creation temporarily disabled, retrying
srun: Job step creation temporarily disabled, retrying
srun: Job step creation temporarily disabled, retrying
srun: Job step creation temporarily disabled, retrying
srun: Job step creation temporarily disabled, retrying
srun: Job step creation temporarily disabled, retrying
srun: Job step creation temporarily disabled, retrying
srun: Job step creation temporarily disabled, retrying
srun: Job step creation temporarily disabled, retrying
srun: Job step creation temporarily disabled, retrying
srun: Job step creation temporarily disabled, retrying
srun: Job step creation temporarily disabled, retrying
srun: Job step creation temporarily disabled, retrying
srun: Job step creation temporarily disabled, retrying
srun: Job step creation temporarily disabled, retrying
srun: Job step creation temporarily disabled, retrying
srun: Job step creation temporarily disabled, retrying
srun: Job step creation temporarily disabled, retrying
srun: Job step creation temporarily disabled, retrying
srun: Job step creation temporarily disabled, retrying
srun: Job step creation temporarily disabled, retrying
srun: Job step creation temporarily disabled, retrying
srun: Job step creation temporarily disabled, retrying
srun: Job step creation temporarily disabled, retrying
srun: Job step creation temporarily disabled, retrying
srun: Job step creation temporarily disabled, retrying
srun: Job step creation temporarily disabled, retrying
srun: Job step creation temporarily disabled, retrying
srun: Job step creation temporarily disabled, retrying
srun: Job step creation temporarily disabled, retrying
srun: Job step creation temporarily disabled, retrying
srun: Job step creation temporarily disabled, retrying
srun: Job step creation temporarily disabled, retrying
srun: Job step creation temporarily disabled, retrying
srun: Job step creation temporarily disabled, retrying
srun: Job step creation temporarily disabled, retrying
srun: Job step creation temporarily disabled, retrying
srun: Job step creation temporarily disabled, retrying
srun: Job step creation temporarily disabled, retrying
srun: Job step creation temporarily disabled, retrying
srun: Job step creation temporarily disabled, retrying
srun: Job step creation temporarily disabled, retrying
srun: error: hpc-rc03: task 0: Exited with exit code 1
srun: Job step created
srun: Job step creation temporarily disabled, retrying
srun: Job step creation temporarily disabled, retrying
srun: Job step creation temporarily disabled, retrying
srun: Job step creation temporarily disabled, retrying
srun: Job step creation temporarily disabled, retrying
srun: Job step creation temporarily disabled, retrying
srun: Job step creation temporarily disabled, retrying
srun: Job step creation temporarily disabled, retrying
srun: Job step creation temporarily disabled, retrying
srun: Job step creation temporarily disabled, retrying
srun: Job step creation temporarily disabled, retrying
srun: Job step creation temporarily disabled, retrying
srun: Job step creation temporarily disabled, retrying
srun: Job step creation temporarily disabled, retrying
srun: Job step creation temporarily disabled, retrying
srun: Job step creation temporarily disabled, retrying
srun: Job step creation temporarily disabled, retrying
srun: Job step creation temporarily disabled, retrying
srun: Job step creation temporarily disabled, retrying
srun: Job step creation temporarily disabled, retrying
srun: Job step creation temporarily disabled, retrying
srun: Job step creation temporarily disabled, retrying
srun: Job step creation temporarily disabled, retrying
srun: Job step creation temporarily disabled, retrying
srun: Job step creation temporarily disabled, retrying
srun: Job step creation temporarily disabled, retrying
srun: Job step creation temporarily disabled, retrying
srun: Job step creation temporarily disabled, retrying
srun: Job step creation temporarily disabled, retrying
srun: Job step creation temporarily disabled, retrying
srun: Job step creation temporarily disabled, retrying
srun: Job step creation temporarily disabled, retrying
srun: Job step creation temporarily disabled, retrying
srun: Job step creation temporarily disabled, retrying
srun: Job step creation temporarily disabled, retrying
srun: Job step creation temporarily disabled, retrying
srun: Job step creation temporarily disabled, retrying
srun: Job step creation temporarily disabled, retrying
srun: Job step created
srun: Job step created
srun: Job step created
srun: Job step created
srun: error: hpc-rc03: task 0: Exited with exit code 1
srun: error: hpc-rc04: task 0: Exited with exit code 1
srun: error: hpc-rc05: task 0: Exited with exit code 1
srun: Job step created
srun: Job step created
srun: Job step created
srun: Job step created
srun: error: hpc-rc04: task 0: Exited with exit code 1
srun: Job step created
srun: error: hpc-rc04: task 0: Exited with exit code 1
srun: Job step created
srun: Job step created
srun: error: hpc-rc07: task 0: Exited with exit code 1
srun: Job step created
srun: Job step created
srun: Job step created
srun: Job step created
srun: Job step created
srun: Job step created
srun: Job step created
srun: Job step created
srun: error: hpc-rc05: task 0: Exited with exit code 1
srun: Job step created
srun: Job step created
srun: Job step created
srun: Job step created
srun: error: hpc-rc05: task 0: Exited with exit code 1
srun: error: hpc-rc04: task 0: Exited with exit code 1
srun: Job step created
srun: Job step created
srun: error: hpc-rc04: task 0: Exited with exit code 1
srun: Job step created
srun: error: hpc-rc04: task 0: Exited with exit code 1
srun: Job step created
srun: error: hpc-rc04: task 0: Exited with exit code 1
srun: Job step created
srun: error: hpc-rc04: task 0: Exited with exit code 1
srun: Job step created
srun: error: hpc-rc04: task 0: Exited with exit code 1
srun: Job step created
srun: Job step created
srun: Job step created
srun: error: hpc-rc06: task 0: Exited with exit code 1
srun: Job step created
srun: Job step created
srun: error: hpc-rc06: task 0: Exited with exit code 1
srun: Job step created
srun: Job step created
srun: Job step created
srun: Job step created
srun: Job step created
srun: Job step created
srun: Job step created
srun: error: hpc-rc03: task 0: Exited with exit code 1
srun: Job step created
srun: Job step created
srun: error: hpc-rc02: task 0: Exited with exit code 1
srun: Job step created
srun: error: hpc-rc02: task 0: Exited with exit code 1
srun: Job step created
srun: error: hpc-rc02: task 0: Exited with exit code 1
srun: Job step created
srun: Job step created
srun: error: hpc-rc06: task 0: Exited with exit code 1
srun: Job step created
srun: Job step created
srun: Job step created
srun: Job step created
srun: Job step created
srun: Job step created
srun: error: hpc-rc04: task 0: Exited with exit code 1
srun: error: hpc-rc04: task 0: Exited with exit code 1
srun: Job step created
srun: Job step created
srun: error: hpc-rc04: task 0: Exited with exit code 1
srun: error: hpc-rc04: task 0: Exited with exit code 1
srun: Job step created
srun: Job step created
srun: error: hpc-rc06: task 0: Exited with exit code 1
srun: Job step created
srun: Job step created
srun: Job step created
srun: error: hpc-rc04: task 0: Exited with exit code 1
srun: Job step created
srun: error: hpc-rc04: task 0: Exited with exit code 1
srun: Job step created
srun: Job step created
srun: Job step created
srun: error: hpc-rc06: task 0: Exited with exit code 1
srun: Job step created
srun: Job step created
srun: error: hpc-rc06: task 0: Exited with exit code 1
srun: error: hpc-rc06: task 0: Exited with exit code 1
srun: Job step created
srun: Job step created
srun: error: hpc-rc06: task 0: Exited with exit code 1
srun: Job step created
srun: error: hpc-rc06: task 0: Exited with exit code 1
srun: Job step created
srun: error: hpc-rc06: task 0: Exited with exit code 1
srun: Job step created
srun: error: hpc-rc06: task 0: Exited with exit code 1
srun: Job step created
srun: Job step created
srun: error: hpc-rc05: task 0: Exited with exit code 1
srun: Job step created
srun: error: hpc-rc05: task 0: Exited with exit code 1
srun: Job step created
srun: error: hpc-rc06: task 0: Exited with exit code 1
srun: Job step created
srun: error: hpc-rc06: task 0: Exited with exit code 1
srun: Job step created
srun: error: hpc-rc06: task 0: Exited with exit code 1
srun: Job step created
srun: error: hpc-rc06: task 0: Exited with exit code 1
srun: Job step created
srun: Job step created
srun: error: hpc-rc06: task 0: Exited with exit code 1
srun: Job step created
srun: error: hpc-rc06: task 0: Exited with exit code 1
srun: Job step created
srun: error: hpc-rc06: task 0: Exited with exit code 1
srun: Job step created
srun: Job step created
srun: error: hpc-rc06: task 0: Exited with exit code 1
srun: error: hpc-rc05: task 0: Exited with exit code 1
srun: Job step created
srun: Job step created
srun: error: hpc-rc06: task 0: Exited with exit code 1
srun: Job step created
srun: error: hpc-rc05: task 0: Exited with exit code 1
srun: Job step created
srun: error: hpc-rc05: task 0: Exited with exit code 1
srun: Job step created
srun: Job step created
srun: error: hpc-rc05: task 0: Exited with exit code 1
srun: Job step created
srun: Job step created
srun: Job step created
srun: error: hpc-rc07: task 0: Exited with exit code 1
srun: Job step created
srun: error: hpc-rc07: task 0: Exited with exit code 1
srun: Job step created
srun: error: hpc-rc07: task 0: Exited with exit code 1
srun: Job step created
srun: Job step created
srun: Job step created
srun: error: hpc-rc03: task 0: Exited with exit code 1
srun: Job step created
srun: error: hpc-rc03: task 0: Exited with exit code 1
srun: Job step created
srun: error: hpc-rc03: task 0: Exited with exit code 1
srun: Job step created
srun: Job step created
srun: Job step created
srun: Job step created
srun: error: hpc-rc03: task 0: Exited with exit code 1
srun: Job step created
srun: Job step created
srun: Job step created
srun: Job step created
srun: Job step created
srun: Job step created
srun: error: hpc-rc04: task 0: Exited with exit code 1
srun: Job step created
srun: error: hpc-rc04: task 0: Exited with exit code 1
srun: error: hpc-rc05: task 0: Exited with exit code 1
srun: Job step created
srun: Job step created
srun: error: hpc-rc04: task 0: Exited with exit code 1
srun: Job step created
srun: error: hpc-rc04: task 0: Exited with exit code 1
srun: Job step created
srun: error: hpc-rc05: task 0: Exited with exit code 1
srun: Job step created
srun: Job step created
srun: Job step created
srun: Job step created
srun: Job step created
srun: Job step created
srun: Job step created
srun: Job step created
srun: error: hpc-rc05: task 0: Exited with exit code 1
srun: Job step created
srun: Job step created
srun: error: hpc-rc02: task 0: Exited with exit code 1
srun: error: hpc-rc05: task 0: Exited with exit code 1
srun: Job step created
srun: Job step created
srun: error: hpc-rc02: task 0: Exited with exit code 1
srun: Job step created
srun: Job step created
srun: error: hpc-rc04: task 0: Exited with exit code 1
srun: Job step created
srun: error: hpc-rc04: task 0: Exited with exit code 1
srun: Job step created
srun: Job step created
srun: Job step created
srun: error: hpc-rc04: task 0: Exited with exit code 1
srun: Job step created
srun: Job step created
srun: Job step created
srun: Job step created
srun: Job step created
srun: error: hpc-rc03: task 0: Exited with exit code 1
srun: Job step created
srun: Job step created
srun: error: hpc-rc06: task 0: Exited with exit code 1
srun: Job step created
srun: Job step created
srun: Job step created
srun: Job step created
srun: Job step created
srun: Job step created
srun: error: hpc-rc03: task 0: Exited with exit code 1
srun: Job step created
srun: Job step created
srun: Job step created
srun: Job step created
srun: error: hpc-rc04: task 0: Exited with exit code 1
srun: error: hpc-rc04: task 0: Exited with exit code 1
srun: Job step created
srun: error: hpc-rc04: task 0: Exited with exit code 1
srun: Job step created
srun: error: hpc-rc04: task 0: Exited with exit code 1
srun: Job step created
srun: Job step created
srun: error: hpc-rc04: task 0: Exited with exit code 1
srun: Job step created
srun: error: hpc-rc04: task 0: Exited with exit code 1
srun: Job step created
srun: error: hpc-rc04: task 0: Exited with exit code 1
srun: Job step created
srun: error: hpc-rc04: task 0: Exited with exit code 1
srun: Job step created
srun: error: hpc-rc04: task 0: Exited with exit code 1
srun: Job step created
srun: error: hpc-rc04: task 0: Exited with exit code 1
srun: Job step created
srun: Job step created
srun: Job step created
srun: error: hpc-rc04: task 0: Exited with exit code 1
srun: Job step created
srun: error: hpc-rc04: task 0: Exited with exit code 1
srun: Job step created
srun: error: hpc-rc02: task 0: Exited with exit code 1
srun: Job step created
srun: Job step created
srun: Job step created
srun: error: hpc-rc04: task 0: Exited with exit code 1
srun: Job step created
srun: error: hpc-rc04: task 0: Exited with exit code 1
srun: Job step created
srun: Job step created
srun: Job step created
srun: error: hpc-rc02: task 0: Exited with exit code 1
srun: Job step created
srun: Job step created
srun: error: hpc-rc02: task 0: Exited with exit code 1
srun: error: hpc-rc02: task 0: Exited with exit code 1
srun: Job step created
srun: Job step created
srun: Job step created
srun: Job step created
srun: error: hpc-rc04: task 0: Exited with exit code 1
srun: Job step created
srun: Job step created
srun: error: hpc-rc04: task 0: Exited with exit code 1
srun: Job step created
srun: error: hpc-rc04: task 0: Exited with exit code 1
srun: Job step created
srun: error: hpc-rc03: task 0: Exited with exit code 1
srun: Job step created
srun: Job step created
srun: error: hpc-rc04: task 0: Exited with exit code 1
srun: Job step created
srun: error: hpc-rc04: task 0: Exited with exit code 1
srun: Job step created
srun: error: hpc-rc04: task 0: Exited with exit code 1
srun: Job step created
srun: Job step created
srun: error: hpc-rc03: task 0: Exited with exit code 1
srun: Job step created
srun: Job step created
srun: error: hpc-rc03: task 0: Exited with exit code 1
srun: Job step created
srun: Job step created
srun: Job step created
srun: Job step created
srun: Job step created
srun: error: hpc-rc02: task 0: Exited with exit code 1
srun: Job step created
srun: error: hpc-rc02: task 0: Exited with exit code 1
srun: Job step created
srun: error: hpc-rc02: task 0: Exited with exit code 1
srun: Job step created
srun: Job step created
srun: error: hpc-rc02: task 0: Exited with exit code 1
srun: Job step created
srun: error: hpc-rc05: task 0: Exited with exit code 1
srun: Job step created
srun: error: hpc-rc05: task 0: Exited with exit code 1
srun: Job step created
srun: Job step created
srun: error: hpc-rc05: task 0: Exited with exit code 1
srun: Job step created
srun: error: hpc-rc04: task 0: Exited with exit code 1
srun: Job step created
srun: error: hpc-rc05: task 0: Exited with exit code 1
srun: Job step created
srun: Job step created
srun: Job step created
srun: Job step created
srun: Job step created
srun: error: hpc-rc06: task 0: Exited with exit code 1
srun: Job step created
srun: Job step created
srun: error: hpc-rc02: task 0: Exited with exit code 1
srun: Job step created
srun: Job step created
srun: Job step created
srun: Job step created
srun: Job step created
srun: error: hpc-rc04: task 0: Exited with exit code 1
srun: Job step created
srun: Job step created
srun: error: hpc-rc04: task 0: Exited with exit code 1
srun: Job step created
srun: Job step created
srun: error: hpc-rc04: task 0: Exited with exit code 1
srun: Job step created
srun: Job step created
srun: Job step created
srun: error: hpc-rc03: task 0: Exited with exit code 1
srun: error: hpc-rc05: task 0: Exited with exit code 1
srun: Job step created
srun: Job step created
srun: Job step created
srun: Job step created
srun: error: hpc-rc02: task 0: Exited with exit code 1
srun: Job step created
srun: Job step created
srun: error: hpc-rc04: task 0: Exited with exit code 1
srun: Job step created
srun: error: hpc-rc02: task 0: Exited with exit code 1
srun: Job step created
srun: error: hpc-rc04: task 0: Exited with exit code 1
srun: Job step created
srun: Job step created
srun: error: hpc-rc06: task 0: Exited with exit code 1
srun: Job step created
srun: Job step created
srun: error: hpc-rc06: task 0: Exited with exit code 1
srun: Job step created
srun: Job step created
srun: Job step created
srun: Job step created
srun: Job step created
srun: error: hpc-rc06: task 0: Exited with exit code 1
srun: error: hpc-rc07: task 0: Exited with exit code 1
srun: Job step created
srun: Job step created
srun: error: hpc-rc07: task 0: Exited with exit code 1
srun: error: hpc-rc06: task 0: Exited with exit code 1
srun: Job step created
srun: Job step created
srun: error: hpc-rc07: task 0: Exited with exit code 1
srun: error: hpc-rc06: task 0: Exited with exit code 1
srun: Job step created
srun: Job step created
srun: Job step created
srun: Job step created
srun: Job step created
srun: Job step created
srun: Job step created
srun: error: hpc-rc04: task 0: Exited with exit code 1
srun: Job step created
srun: error: hpc-rc04: task 0: Exited with exit code 1
srun: Job step created
srun: Job step created
srun: Job step created
srun: Job step created
srun: Job step created
srun: error: hpc-rc07: task 0: Exited with exit code 1
srun: Job step created
srun: Job step created
srun: Job step created
srun: error: hpc-rc06: task 0: Exited with exit code 1
srun: Job step created
srun: error: hpc-rc06: task 0: Exited with exit code 1
srun: Job step created
srun: Job step created
srun: Job step created
srun: Job step created
srun: Job step created
srun: Job step created
srun: Job step created
srun: Job step created
srun: Job step created
srun: error: hpc-rc06: task 0: Exited with exit code 1
srun: Job step created
srun: error: hpc-rc06: task 0: Exited with exit code 1
srun: Job step created
srun: error: hpc-rc06: task 0: Exited with exit code 1
srun: Job step created
srun: Job step created
srun: Job step created
srun: Job step created
srun: error: hpc-rc04: task 0: Exited with exit code 1
srun: Job step created
srun: Job step created
srun: Job step created
srun: error: hpc-rc07: task 0: Exited with exit code 1
srun: Job step created
srun: Job step created
srun: Job step created
srun: Job step created
srun: Job step created
srun: error: hpc-rc04: task 0: Exited with exit code 1
srun: Job step created
srun: error: hpc-rc04: task 0: Exited with exit code 1
srun: Job step created
srun: error: hpc-rc04: task 0: Exited with exit code 1
srun: Job step created
srun: Job step created
srun: Job step created
srun: Job step created
srun: error: hpc-rc07: task 0: Exited with exit code 1
srun: Job step created
srun: Job step created
srun: Job step created
srun: Job step created
srun: Job step created
srun: Job step created
srun: error: hpc-rc05: task 0: Exited with exit code 1
srun: Job step created
srun: Job step created
srun: Job step created
srun: Job step created
srun: Job step created
srun: error: hpc-rc05: task 0: Exited with exit code 1
srun: error: hpc-rc07: task 0: Exited with exit code 1
srun: Job step created
srun: Job step created
srun: Job step created
srun: error: hpc-rc05: task 0: Exited with exit code 1
srun: Job step created
srun: error: hpc-rc05: task 0: Exited with exit code 1
srun: Job step created
srun: error: hpc-rc05: task 0: Exited with exit code 1
srun: Job step created
srun: Job step created
srun: error: hpc-rc03: task 0: Exited with exit code 1
srun: error: hpc-rc05: task 0: Exited with exit code 1
srun: Job step created
srun: Job step created
srun: error: hpc-rc03: task 0: Exited with exit code 1
srun: Job step created
srun: error: hpc-rc03: task 0: Exited with exit code 1
srun: Job step created
srun: Job step created
srun: Job step created
srun: error: hpc-rc05: task 0: Exited with exit code 1
srun: Job step created
srun: error: hpc-rc05: task 0: Exited with exit code 1
srun: Job step created
srun: Job step created
srun: error: hpc-rc04: task 0: Exited with exit code 1
srun: Job step created
srun: error: hpc-rc04: task 0: Exited with exit code 1
srun: Job step created
srun: Job step created
srun: error: hpc-rc06: task 0: Exited with exit code 1
srun: Job step created
srun: Job step created
srun: error: hpc-rc02: task 0: Exited with exit code 1
srun: Job step created
srun: error: hpc-rc02: task 0: Exited with exit code 1
srun: Job step created
srun: Job step created
srun: Job step created
srun: Job step created
srun: error: hpc-rc06: task 0: Exited with exit code 1
srun: Job step created
srun: error: hpc-rc06: task 0: Exited with exit code 1
srun: Job step created
srun: error: hpc-rc06: task 0: Exited with exit code 1
srun: Job step created
srun: Job step created
srun: Job step created
srun: Job step created
srun: error: hpc-rc07: task 0: Exited with exit code 1
srun: error: hpc-rc02: task 0: Exited with exit code 1
srun: Job step created
srun: Job step created
srun: error: hpc-rc02: task 0: Exited with exit code 1
srun: error: hpc-rc07: task 0: Exited with exit code 1
srun: Job step created
srun: Job step created
srun: Job step created
srun: Job step created
srun: error: hpc-rc02: task 0: Exited with exit code 1
srun: error: hpc-rc07: task 0: Exited with exit code 1
srun: Job step created
srun: Job step created
srun: Job step created
srun: error: hpc-rc04: task 0: Exited with exit code 1
